../Drivers/CMSIS/Include/core_cm3.h:1511:22:__NVIC_EnableIRQ	16	static
../Core/Src/main.c:100:5:main	200	static,ignoring_inline_asm
../Core/Src/main.c:389:6:SystemClock_Config	88	static
../Core/Src/main.c:436:13:MX_ADC1_Init	24	static
../Core/Src/main.c:481:13:MX_SPI1_Init	8	static
../Core/Src/main.c:519:13:MX_TIM2_Init	48	static
../Core/Src/main.c:582:13:MX_TIM3_Init	32	static
../Core/Src/main.c:627:13:MX_GPIO_Init	40	static
../Core/Src/main.c:666:6:HAL_TIM_PeriodElapsedCallback	16	static
../Core/Src/main.c:685:6:HAL_TIM_IC_CaptureCallback	16	static
../Core/Src/main.c:713:6:Error_Handler	4	static,ignoring_inline_asm
